At line:1 char:1
+ psql -U postgres -h localhost -p 3000 -d chers_closet
+ ~~~~
    + CategoryInfo          : ObjectNotFound: (psql:String) [], CommandNotFoundException
    + FullyQualifiedErrorId : CommandNotFoundException

PS C:\Users\yashw\AI-Wardrobe-App\AI-Wardrobe-App> psql -U postgres -h localhost -p 3000 -d chers_closet
psql : The term 'psql' is not recognized as the name of a cmdlet, function, script file, or operable program. Check the 
spelling of the name, or if a path was included, verify that the path is correct and try again.
At line:1 char:1
+ psql -U postgres -h localhost -p 3000 -d chers_closet
+ ~~~~
    + CategoryInfo          : ObjectNotFound: (psql:String) [], CommandNotFoundException
    + FullyQualifiedErrorId : CommandNotFoundException

PS C:\Users\yashw\AI-Wardrobe-App\AI-Wardrobe-App> psql -U postgres -h localhost -p 3000 -d chers_closet
psql : The term 'psql' is not recognized as the name of a cmdlet, function, script file, or operable program. Check the 
spelling of the name, or if a path was included, verify that the path is correct and try again.
At line:1 char:1
+ psql -U postgres -h localhost -p 3000 -d chers_closet
+ ~~~~
    + CategoryInfo          : ObjectNotFound: (psql:String) [], CommandNotFoundException
    + FullyQualifiedErrorId : CommandNotFoundException

PS C:\Users\yashw\AI-Wardrobe-App\AI-Wardrobe-App>
 *  History restored 

PS C:\Users\yashw\AI-Wardrobe-App\AI-Wardrobe-App> psql -U postgres -h localhost -p 3000 -d chers_closet
Password for user postgres: 
psql (17.4)
WARNING: Console code page (437) differs from Windows code page (1252)
         8-bit characters might not work correctly. See psql reference
         page "Notes for Windows users" for details.
Type "help" for help.

chers_closet=# # Run the setup script
chers_closet-# ./scripts/setup-postgres.ps1
chers_closet-# \1
invalid command \1
Try \? for help.
chers_closet-# \q
PS C:\Users\yashw\AI-Wardrobe-App\AI-Wardrobe-App> npm run dev   

> rest-express@1.0.0 dev
> tsx server/index.ts

C:\Users\yashw\AI-Wardrobe-App\AI-Wardrobe-App\server\config\env.ts:7
  let currentDir = __dirname;
                   ^


ReferenceError: __dirname is not defined in ES module scope
    at findRootDir (C:\Users\yashw\AI-Wardrobe-App\AI-Wardrobe-App\server\config\env.ts:7:20)
    at <anonymous> (C:\Users\yashw\AI-Wardrobe-App\AI-Wardrobe-App\server\config\env.ts:32:17)
    at ModuleJob.run (node:internal/modules/esm/module_job:271:25)
    at async onImport.tracePromise.__proto__ (node:internal/modules/esm/loader:578:26)
    at async asyncRunEntryPointWithESMLoader (node:internal/modules/run_main:116:5)

Node.js v22.14.0
PS C:\Users\yashw\AI-Wardrobe-App\AI-Wardrobe-App> npm run:dev
Unknown command: "run:dev"

To see a list of supported npm commands, run:
  npm help
PS C:\Users\yashw\AI-Wardrobe-App\AI-Wardrobe-App> npm run:db 
Unknown command: "run:db"

To see a list of supported npm commands, run:
  npm help
PS C:\Users\yashw\AI-Wardrobe-App\AI-Wardrobe-App> npm run db:push

> rest-express@1.0.0 db:push
> drizzle-kit push

No config path provided, using default 'drizzle.config.ts'
Reading config file 'C:\Users\yashw\AI-Wardrobe-App\AI-Wardrobe-App\drizzle.config.ts'
Using 'pg' driver for database querying
[âœ“] Pulling schema from database...
[i] No changes detected
PS C:\Users\yashw\AI-Wardrobe-App\AI-Wardrobe-App> npm run dev

> rest-express@1.0.0 dev
> tsx server/index.ts

C:\Users\yashw\AI-Wardrobe-App\AI-Wardrobe-App\server\config\env.ts:7
  let currentDir = __dirname;
                   ^


ReferenceError: __dirname is not defined in ES module scope
    at findRootDir (C:\Users\yashw\AI-Wardrobe-App\AI-Wardrobe-App\server\config\env.ts:7:20)
    at <anonymous> (C:\Users\yashw\AI-Wardrobe-App\AI-Wardrobe-App\server\config\env.ts:32:17)
    at ModuleJob.run (node:internal/modules/esm/module_job:271:25)
    at async onImport.tracePromise.__proto__ (node:internal/modules/esm/loader:578:26)
    at async asyncRunEntryPointWithESMLoader (node:internal/modules/run_main:116:5)
